[00:11:13] [ServerMain/INFO]: [bootstrap] Running Java 21 (OpenJDK 64-Bit Server VM 21.0.2+13-jvmci-23.1-b30; GraalVM Community GraalVM CE 21.0.2+13.1) on Linux 6.18.6-arch1-1 (amd64)
[00:11:13] [ServerMain/INFO]: [bootstrap] Loading Purpur 1.21.10-2535-HEAD@0a2dc04 (1970-01-01T00:00:00Z) for Minecraft 1.21.10
[00:11:14] [ServerMain/INFO]: [PluginInitializerManager] Initializing plugins...
[00:11:15] [ServerMain/INFO]: [PluginInitializerManager] Initialized 17 plugins
[00:11:15] [ServerMain/INFO]: [PluginInitializerManager] Paper plugins (1):
 - AdvancedServerList (5.7.2)
[00:11:15] [ServerMain/INFO]: [PluginInitializerManager] Bukkit plugins (16):
 - Chunky (1.4.40), DiscordSRV (1.30.3), Essentials (2.21.2), EzClean (2.1.0), LagFixer (1.5.1.9 [build 140]), LuckPerms (5.5.17), MCStatistics (1.4.0), PlaceholderAPI (2.11.7), PlayerPoints (3.3.3), PureBalanceFormatter (0.3), SimpleScore (4.1.0), TAB (5.4.0), Vault (2.17.0), ViaBackwards (5.7.0), ViaVersion (5.7.0), voicechat (2.6.7)
[00:11:24] [ServerMain/INFO]: Environment: Environment[sessionHost=https://sessionserver.mojang.com, servicesHost=https://api.minecraftservices.com, profilesHost=https://api.mojang.com, name=PROD]
[00:11:28] [ServerMain/INFO]: Loaded 1461 recipes
[00:11:28] [ServerMain/INFO]: Loaded 1574 advancements
[00:11:28] [ServerMain/INFO]: [ca.spottedleaf.dataconverter.minecraft.datatypes.MCTypeRegistry] Initialising converters for DataConverter...
[00:11:29] [ServerMain/INFO]: [ca.spottedleaf.dataconverter.minecraft.datatypes.MCTypeRegistry] Finished initialising converters for DataConverter in 1,202.7ms
[00:11:29] [Server thread/INFO]: Starting minecraft server version 1.21.10
[00:11:29] [Server thread/INFO]: Loading properties
[00:11:30] [Server thread/INFO]: This server is running Purpur version 1.21.10-2535-HEAD@0a2dc04 (1970-01-01T00:00:00Z) (Implementing API version 1.21.10-R0.1-SNAPSHOT)
[00:11:30] [Server thread/INFO]: [spark] This server bundles the spark profiler. For more information please visit https://docs.papermc.io/paper/profiling
[00:11:30] [Server thread/INFO]: Server Ping Player Sample Count: 12
[00:11:30] [Server thread/INFO]: Using 4 threads for Netty based IO
[00:11:33] [Server thread/INFO]: [MoonriseCommon] Paper is using 1 worker threads, 1 I/O threads
[00:11:34] [Server thread/INFO]: Default game type: SURVIVAL
[00:11:34] [Server thread/INFO]: Generating keypair
[00:11:34] [Server thread/INFO]: Starting Minecraft server on *:25565
[00:11:34] [Server thread/INFO]: Using epoll channel type
[00:11:34] [Server thread/INFO]: Paper: Using libdeflate (Linux x86_64) compression from Velocity.
[00:11:34] [Server thread/INFO]: Paper: Using OpenSSL 3.x.x (Linux x86_64) cipher from Velocity.
[00:11:36] [Server thread/WARN]: [org.bukkit.craftbukkit.legacy.CraftLegacy] Initializing Legacy Material Support. Unless you have legacy plugins and/or data this is a bug!
[00:12:42] [Server thread/WARN]: Legacy plugin MCStatistics v1.4.0 does not specify an api-version.
[00:12:42] [Server thread/INFO]: [SpigotLibraryLoader] [LagFixer] Loading 1 libraries... please wait
[00:12:42] [Server thread/INFO]: [SpigotLibraryLoader] [LagFixer] Loaded library /home/zon/mc-server-1.21.10/libraries/com/github/oshi/oshi-core/6.9.1/oshi-core-6.9.1.jar
[00:12:42] [Server thread/INFO]: [SpigotLibraryLoader] [LagFixer] Loaded library /home/zon/mc-server-1.21.10/libraries/net/java/dev/jna/jna/5.18.1/jna-5.18.1.jar
[00:12:42] [Server thread/INFO]: [SpigotLibraryLoader] [LagFixer] Loaded library /home/zon/mc-server-1.21.10/libraries/net/java/dev/jna/jna-platform/5.18.1/jna-platform-5.18.1.jar
[00:12:42] [Server thread/INFO]: [SpigotLibraryLoader] [LagFixer] Loaded library /home/zon/mc-server-1.21.10/libraries/org/slf4j/slf4j-api/2.0.17/slf4j-api-2.0.17.jar
[00:12:43] [Server thread/INFO]: [SpigotLibraryLoader] [PlayerPoints] Loading 2 libraries... please wait
[00:12:43] [Server thread/INFO]: [SpigotLibraryLoader] [PlayerPoints] Loaded library /home/zon/mc-server-1.21.10/libraries/com/mysql/mysql-connector-j/9.1.0/mysql-connector-j-9.1.0.jar
[00:12:43] [Server thread/INFO]: [SpigotLibraryLoader] [PlayerPoints] Loaded library /home/zon/mc-server-1.21.10/libraries/com/google/protobuf/protobuf-java/4.26.1/protobuf-java-4.26.1.jar
[00:12:43] [Server thread/INFO]: [SpigotLibraryLoader] [PlayerPoints] Loaded library /home/zon/mc-server-1.21.10/libraries/org/xerial/sqlite-jdbc/3.46.0.0/sqlite-jdbc-3.46.0.0.jar
[00:12:43] [Server thread/INFO]: [SpigotLibraryLoader] [PlayerPoints] Loaded library /home/zon/mc-server-1.21.10/libraries/org/slf4j/slf4j-api/1.7.36/slf4j-api-1.7.36.jar
[00:12:44] [Server thread/INFO]: [ViaVersion] Loading server plugin ViaVersion v5.7.0
[00:12:44] [Server thread/INFO]: [ViaVersion] ViaVersion 5.7.0 is now loaded. Registering protocol transformers and injecting...
[00:12:45] [Via-Mappingloader-1/INFO]: [ViaVersion] Loading block connection mappings ...
[00:12:46] [Via-Mappingloader-1/INFO]: [ViaVersion] Using FastUtil Long2ObjectOpenHashMap for block connections
[00:12:47] [Server thread/INFO]: [ViaBackwards] Loading translations...
[00:12:47] [Server thread/INFO]: [ViaBackwards] Registering protocols...
[00:12:49] [Server thread/INFO]: [PlaceholderAPI] Loading server plugin PlaceholderAPI v2.11.7
[00:12:49] [Server thread/INFO]: [LuckPerms] Loading server plugin LuckPerms v5.5.17
[00:12:49] [Server thread/INFO]: [LuckPerms] Loading configuration...
[00:12:49] [Server thread/INFO]: [Vault] Loading server plugin Vault v2.17.0
[00:12:49] [Server thread/INFO]: [Essentials] Loading server plugin Essentials v2.21.2
[00:12:49] [Server thread/INFO]: [MCStatistics] Loading server plugin MCStatistics v1.4.0
[00:12:49] [Server thread/INFO]: [[38;5;11m⚡[0m] Loading server plugin LagFixer v1.5.1.9 [build 140]
[00:12:49] [Server thread/INFO]: [voicechat] Loading server plugin voicechat v2.6.7
[00:12:49] [Server thread/INFO]: [ViaBackwards] Loading server plugin ViaBackwards v5.7.0
[00:12:49] [Server thread/INFO]: [PlayerPoints] Loading server plugin PlayerPoints v3.3.3
[00:12:49] [Server thread/INFO]: [PlayerPoints] Initializing using RoseGarden v1.5.3
[00:12:49] [Server thread/INFO]: [TAB] Loading server plugin TAB v5.4.0
[00:12:49] [Server thread/INFO]: [SimpleScore] Loading server plugin SimpleScore v4.1.0
[00:12:50] [Server thread/INFO]: [PureBalanceFormatter] Loading server plugin PureBalanceFormatter v0.3
[00:12:50] [Server thread/INFO]: [EzClean] Loading server plugin EzClean v2.1.0
[00:12:50] [Server thread/INFO]: [Chunky] Loading server plugin Chunky v1.4.40
[00:12:50] [Server thread/INFO]: [DiscordSRV] Loading server plugin DiscordSRV v1.30.3
[00:12:50] [Server thread/INFO]: [AdvancedServerList] Loading server plugin AdvancedServerList v5.7.2
[00:12:50] [Server thread/INFO]: Server permissions file permissions.yml is empty, ignoring it
[00:12:50] [Server thread/INFO]: [LuckPerms] Enabling LuckPerms v5.5.17
[00:12:51] [Server thread/INFO]:         __    
[00:12:51] [Server thread/INFO]:   |    |__)   LuckPerms v5.5.17
[00:12:51] [Server thread/INFO]:   |___ |      Running on Bukkit - Purpur
[00:12:51] [Server thread/INFO]: 
[00:12:51] [Server thread/INFO]: [LuckPerms] Loading storage provider... [H2]
[00:12:52] [Server thread/INFO]: [LuckPerms] Loading internal permission managers...
[00:12:52] [Server thread/INFO]: [LuckPerms] Performing initial data load...
[00:12:52] [Server thread/INFO]: [LuckPerms] Successfully enabled. (took 2557ms)
[00:12:52] [Server thread/INFO]: [Vault] Enabling Vault v2.17.0
[00:12:53] [Server thread/INFO]: [Vault] Enabled Version 2.17.0
[00:12:53] [Server thread/INFO]: [LuckPerms] Registered Vault permission & chat hook.
[00:12:53] [Server thread/INFO]: [PlayerPoints] Enabling PlayerPoints v3.3.3
[00:12:53] [Server thread/INFO]: [PlayerPoints] Data handler connected using SQLite.
[00:12:54] [Server thread/WARN]: **** SERVER IS RUNNING IN OFFLINE/INSECURE MODE!
[00:12:54] [Server thread/WARN]: The server will make no attempt to authenticate usernames. Beware.
[00:12:54] [Server thread/WARN]: While this makes the game possible to play without internet access, it also opens up the ability for hackers to connect with any username they choose.
[00:12:54] [Server thread/WARN]: To change this, set "online-mode" to "true" in the server.properties file.
[00:12:54] [Server thread/INFO]: Preparing level "world"
[00:12:57] [Server thread/INFO]: Loading 0 persistent chunks for world 'minecraft:overworld'...
[00:12:57] [Server thread/INFO]: Preparing spawn area: 100%
[00:12:57] [Server thread/INFO]: Prepared spawn area in 6 ms
[00:12:57] [Server thread/INFO]: Loading 0 persistent chunks for world 'minecraft:the_nether'...
[00:12:57] [Server thread/INFO]: Preparing spawn area: 100%
[00:12:57] [Server thread/INFO]: Prepared spawn area in 3 ms
[00:12:57] [Server thread/INFO]: Loading 0 persistent chunks for world 'minecraft:the_end'...
[00:12:57] [Server thread/INFO]: Prepared spawn area in 9 ms
[00:12:57] [Server thread/INFO]: Done preparing level "world" (3.234s)
[00:12:57] [Server thread/INFO]: [ViaVersion] Enabling ViaVersion v5.7.0
[00:12:57] [Server thread/INFO]: [ViaVersion] ViaVersion detected server version: 1.21.9-1.21.10 (773)
[00:12:58] [Server thread/INFO]: [PlaceholderAPI] Enabling PlaceholderAPI v2.11.7
[00:12:59] [Server thread/INFO]: [PlaceholderAPI] Fetching available expansion information...
[00:12:59] [Server thread/INFO]: [PlaceholderAPI] Successfully registered internal expansion: vaultunlocked [2.13.1]
[00:12:59] [Server thread/INFO]: [Essentials] Enabling Essentials v2.21.2
[00:13:00] [Server thread/ERROR]: [Essentials] You are running an unsupported server version!
[00:13:01] [Server thread/INFO]: [Essentials] Attempting to convert old kits in config.yml to new kits.yml
[00:13:01] [Server thread/INFO]: [Essentials] No kits found to migrate.
[00:13:01] [Server thread/INFO]: [Essentials] Selected 1.20.5+ Banner Data Provider as the provider for BannerDataProvider
[00:13:01] [Server thread/INFO]: [Essentials] Selected 1.20.6+ Potion Meta Provider as the provider for PotionMetaProvider
[00:13:01] [Server thread/INFO]: [Essentials] Selected 1.20.4+ Damage Event Provider as the provider for DamageEventProvider
[00:13:01] [Server thread/INFO]: [Essentials] Selected Paper Material Tag Provider as the provider for MaterialTagProvider
[00:13:01] [Server thread/INFO]: [Essentials] Selected 1.14.4+ Persistent Data Container Provider as the provider for PersistentDataProvider
[00:13:01] [Server thread/INFO]: [Essentials] Selected 1.8.3+ Spawner Item Provider as the provider for SpawnerItemProvider
[00:13:01] [Server thread/INFO]: [Essentials] Selected 1.12.2+ Player Locale Provider as the provider for PlayerLocaleProvider
[00:13:01] [Server thread/INFO]: [Essentials] Selected 1.14+ Sign Data Provider as the provider for SignDataProvider
[00:13:01] [Server thread/INFO]: [Essentials] Selected Legacy Biome Name Provider as the provider for BiomeNameProvider
[00:13:01] [Server thread/INFO]: [Essentials] Selected 1.13+ Spawn Egg Provider as the provider for SpawnEggProvider
[00:13:01] [Server thread/INFO]: [Essentials] Selected Reflection Online Mode Provider as the provider for OnlineModeProvider
[00:13:01] [Server thread/INFO]: [Essentials] Selected Reflection Formatted Command Alias Provider as the provider for FormattedCommandAliasProvider
[00:13:01] [Server thread/INFO]: [Essentials] Selected Paper Serialization Provider as the provider for SerializationProvider
[00:13:01] [Server thread/INFO]: [Essentials] Selected Paper Container Provider as the provider for ContainerProvider
[00:13:01] [Server thread/INFO]: [Essentials] Selected Paper Server State Provider as the provider for ServerStateProvider
[00:13:01] [Server thread/INFO]: [Essentials] Selected 1.12+ Spawner Block Provider as the provider for SpawnerBlockProvider
[00:13:01] [Server thread/INFO]: [Essentials] Selected 1.21.4+ Sync Commands Provider as the provider for SyncCommandsProvider
[00:13:01] [Server thread/INFO]: [Essentials] Selected Paper Tick Count Provider as the provider for TickCountProvider
[00:13:01] [Server thread/INFO]: [Essentials] Selected 1.21+ InventoryView Interface ABI Provider as the provider for InventoryViewProvider
[00:13:01] [Server thread/INFO]: [Essentials] Selected 1.11+ Item Unbreakable Provider as the provider for ItemUnbreakableProvider
[00:13:01] [Server thread/INFO]: [Essentials] Selected 1.17.1+ World Info Provider as the provider for WorldInfoProvider
[00:13:01] [Server thread/INFO]: [Essentials] Selected Paper Biome Key Provider as the provider for BiomeKeyProvider
[00:13:01] [Server thread/INFO]: [Essentials] Selected Paper Known Commands Provider as the provider for KnownCommandsProvider
[00:13:01] [Server thread/INFO]: [Essentials] Loaded 43880 items from items.json.
[00:13:01] [Server thread/INFO]: [Essentials] Using locale en_US
[00:13:02] [Server thread/INFO]: [Essentials] ServerListPingEvent: Spigot iterator API
[00:13:02] [Server thread/INFO]: [Essentials] Starting Metrics. Opt-out using the global bStats config.
[00:13:02] [Server thread/INFO]: [Essentials] Using Vault based permissions (LuckPerms)
[00:13:02] [Server thread/INFO]: [MCStatistics] Enabling MCStatistics v1.4.0*
[00:13:02] [Server thread/INFO]: [[38;5;11m⚡[0m] Enabling LagFixer v1.5.1.9 [build 140]
[00:13:03] [Server thread/INFO]: [[38;5;11m⚡[0m] Remember to leave a rating! ★ ★ ★ ★ ★





LagFixer 1.5.1.9 [build 140] - Best Performance Solution!
░░░░░░░░░░░░░░░░░░░░░░░░░░░░░░░░░░░░░░░░░░░░░░░░░░░░░░░░░░░░░░░░
░██╗░░░░░░█████╗░░██████╗░░░███████╗██╗██╗░░██╗███████╗██████╗░░
░██║░░░░░██╔══██╗██╔════╝░░░██╔════╝██║╚██╗██╔╝██╔════╝██╔══██╗░
░██║░░░░░███████║██║░░██╗░░░█████╗░░██║░╚███╔╝░█████╗░░██████╔╝░
░██║░░░░░██╔══██║██║░░╚██╗░░██╔══╝░░██║░██╔██╗░██╔══╝░░██╔══██╗░
░███████╗██║░░██║╚██████╔╝░░██║░░░░░██║██╔╝╚██╗███████╗██║░░██║░
░╚══════╝╚═╝░░╚═╝░╚═════╝░░░╚═╝░░░░░╚═╝╚═╝░░╚═╝╚══════╝╚═╝░░╚═╝░
░░░░░░░░░░░░░░░░░░░░░░░░░░░░░░░░░░░░░░░░░░░░░░░░░░░░░░░░░░░░░░░░





[00:13:03] [Server thread/INFO]: [[38;5;11m⚡[0m] (ErrorsManager) -> Enabling manager...
[00:13:03] [Server thread/INFO]: [[38;5;11m⚡[0m]  • Started listening console for LagFixer errors!
[00:13:03] [Server thread/INFO]: [[38;5;11m⚡[0m] (ErrorsManager) -> Enabled manager in 4ms!
[00:13:03] [Server thread/INFO]: [[38;5;11m⚡[0m] (ConfigManager) -> Enabling manager...
[00:13:03] [Server thread/INFO]: [[38;5;11m⚡[0m] (ConfigManager) -> Enabled manager in 253ms!
[00:13:03] [Server thread/INFO]: [[38;5;11m⚡[0m] (SupportManager) -> Enabling manager...
[00:13:03] [Server thread/INFO]: [[38;5;11m⚡[0m]  • Loaded fork support ~ xyz.lychee.lagfixer.support.PaperSupport
[00:13:03] [Server thread/INFO]: [[38;5;11m⚡[0m]  • Loaded nms support ~ xyz.lychee.lagfixer.nms.v1_21_R6.SupportNms
[00:13:03] [Server thread/INFO]: [[38;5;11m⚡[0m] (SupportManager) -> Enabled manager in 49ms!
[00:13:03] [Server thread/INFO]: [[38;5;11m⚡[0m] (HookManager) -> Enabling manager...
[00:13:03] [Server thread/INFO]: [PlaceholderAPI] Successfully registered internal expansion: lagfixer [1.5.1.9 [build 140]]
[00:13:03] [Server thread/INFO]: [[38;5;11m⚡[0m]  • Successfully loaded hook PlaceholderAPI in 5ms!
[00:13:03] [Server thread/INFO]: [[38;5;11m⚡[0m] (HookManager) -> Enabled manager in 5ms!
[00:13:03] [Server thread/INFO]: [[38;5;11m⚡[0m] (MetricsManager) -> Enabling manager...
[00:13:03] [Server thread/INFO]: [[38;5;11m⚡[0m] (MetricsManager) -> Enabled manager in 25ms!
[00:13:03] [Server thread/INFO]: [[38;5;11m⚡[0m] (UpdaterManager) -> Enabling manager...
[00:13:03] [Server thread/INFO]: [[38;5;11m⚡[0m] (UpdaterManager) -> Enabled manager in 11ms!
[00:13:04] [Server thread/INFO]: Environment: Environment[sessionHost=https://sessionserver.mojang.com, servicesHost=https://api.minecraftservices.com, profilesHost=https://api.mojang.com, name=PROD]
[00:13:04] [Server thread/INFO]: [[38;5;11m⚡[0m] (ModuleManager) -> Enabling manager...
[00:13:04] [Server thread/INFO]: [[38;5;11m⚡[0m]  • Successfully loaded module RedstoneLimiter in 18ms.
[00:13:04] [Server thread/INFO]: [[38;5;11m⚡[0m]  • Successfully loaded module InstantLeafDecay in 6ms.
[00:13:04] [Server thread/INFO]: [[38;5;11m⚡[0m]  • Successfully loaded module WorldCleaner in 15ms.
[00:13:04] [Server thread/INFO]: [[38;5;11m⚡[0m]  • Successfully loaded module LagShield in 28ms.
[00:13:04] [Server thread/INFO]: [[38;5;11m⚡[0m]  • Successfully loaded module ExplosionOptimizer in 12ms.
[00:13:04] [Server thread/INFO]: [[38;5;11m⚡[0m]  • Successfully loaded module MobAiReducer in 38ms.
[00:13:04] [Server thread/INFO]: [[38;5;11m⚡[0m]  • Successfully loaded module EntityLimiter in 11ms.
[00:13:04] [Server thread/INFO]: [[38;5;11m⚡[0m]  • Successfully loaded module AbilityLimiter in 6ms.
[00:13:05] [Server thread/INFO]: [[38;5;11m⚡[0m] (ModuleManager) -> Enabled manager in 297ms!
[00:13:05] [Server thread/INFO]: [[38;5;11m⚡[0m] (CommandManager) -> Enabling manager...
[00:13:06] [Server thread/INFO]: [[38;5;11m⚡[0m] (CommandManager) -> Enabled manager in 980ms!
[00:13:06] [Server thread/INFO]: [[38;5;11m⚡[0m] Remember to leave a rating! ★ ★ ★ ★ ★
[00:13:06] [Server thread/INFO]: [[38;5;11m⚡[0m] ❤ Support us https://ko-fi.com/lajczik
[00:13:06] [Server thread/INFO]: [voicechat] Enabling voicechat v2.6.7
[00:13:06] [Server thread/INFO]: [voicechat] Initializing compatibility for version 1.21.10-R0.1
[00:13:06] [Server thread/INFO]: [voicechat] Compatibility version 20
[00:13:06] [Server thread/INFO]: [voicechat] Successfully initialized commodore command completion
[00:13:06] [Server thread/INFO]: [PlaceholderAPI] Successfully registered internal expansion: voicechat [2.6.7]
[00:13:06] [Server thread/INFO]: [voicechat] Successfully registered PlaceholderAPI expansion
[00:13:06] [Server thread/INFO]: [voicechat] Successfully added ViaVersion mappings
[00:13:06] [Server thread/INFO]: [ViaBackwards] Enabling ViaBackwards v5.7.0
[00:13:06] [Server thread/INFO]: [TAB] Enabling TAB v5.4.0
[00:13:07] [Server thread/INFO]: [PlaceholderAPI] Successfully registered internal expansion: tab [5.4.0]
[00:13:07] [Server thread/INFO]: [TAB] Enabled in 1054ms
[00:13:07] [Server thread/INFO]: [SimpleScore] Enabling SimpleScore v4.1.0
[00:13:07] [Server thread/INFO]: [PureBalanceFormatter] Enabling PureBalanceFormatter v0.3
[00:13:08] [Server thread/INFO]: [PureBalanceFormatter] PureBalanceFormatter v0.3 successfully §astarted
[00:13:08] [Server thread/INFO]: [EzClean] Enabling EzClean v2.1.0
[00:13:08] [Server thread/INFO]: [EzClean] Vault economy detected. Players can pay to cancel upcoming cleanups when enabled.
[00:13:08] [Server thread/INFO]: [EzClean] EzClean enabled. Loaded 1 cleanup profile(s).
[00:13:08] [Server thread/INFO]: [EzClean]  - default: every 60 minutes (worlds: *)
[00:13:08] [Server thread/INFO]: [Chunky] Enabling Chunky v1.4.40
[00:13:08] [Server thread/INFO]: [DiscordSRV] Enabling DiscordSRV v1.30.3
[00:13:08] [Server thread/INFO]: [AdvancedServerList] Enabling AdvancedServerList v5.7.2
[00:13:09] [Server thread/INFO]: [AdvancedServerList] Registering internal Placeholders...
[00:13:09] [Server thread/INFO]: [AdvancedServerList] Starting AdvancedServerList v5.7.2...
[00:13:09] [Server thread/INFO]: [AdvancedServerList]      __      _______ ___
[00:13:09] [Server thread/INFO]: [AdvancedServerList]     /\ \    / ____|_| | |
[00:13:09] [Server thread/INFO]: [AdvancedServerList]    /  \ \  | (_(___ | | |
[00:13:09] [Server thread/INFO]: [AdvancedServerList]   / /\ \ \  \___ \ \| | |
[00:13:09] [Server thread/INFO]: [AdvancedServerList]  / ____ \ \ ____) | | |_|____
[00:13:09] [Server thread/INFO]: [AdvancedServerList] /_/_/  \_\_\_____/_/|______|_|
[00:13:09] [Server thread/INFO]: [AdvancedServerList] 
[00:13:09] [Server thread/INFO]: [AdvancedServerList] Platform: Purpur (ID: purpurmc:purpur, Version: 1.21.10, Build: 2535)
[00:13:09] [Server thread/INFO]: [AdvancedServerList] 
[00:13:09] [Server thread/INFO]: [AdvancedServerList] [-] Loading profiles...
[00:13:09] [Server thread/INFO]: [AdvancedServerList] [✓] Successfully loaded 1 profile(s)!
[00:13:09] [Server thread/INFO]: [AdvancedServerList] [-] Loading local images as Favicons...
[00:13:09] [Server thread/INFO]: [AdvancedServerList] [✓] Loaded 0 local Favicon(s).
[00:13:11] [Server thread/INFO]: [AdvancedServerList] [✓] Loaded Command /advancedserverlist!
[00:13:11] [Server thread/INFO]: [AdvancedServerList] [✓] Loaded 3 players into cache!
[00:13:11] [Server thread/INFO]: [AdvancedServerList] [✓] AdvancedServerList is ready!
[00:13:11] [AdvancedServerList-UpdateThread/INFO]: [AdvancedServerList] [-] Looking for an update...
[00:13:11] [Server thread/INFO]: [PlaceholderAPI] Successfully registered internal expansion: asl [5.7.2]
[00:13:12] [ForkJoinPool.commonPool-worker-2/INFO]: [AdvancedServerList] [✓] You are running the latest version!
[00:13:12] [Server thread/INFO]: [spark] Starting background profiler...
[00:13:12] [pool-35-thread-1/WARN]: [DiscordSRV] 

The current build of DiscordSRV is outdated by 5 commits! Get the latest build at your favorite distribution center.

Modrinth: https://modrinth.com/plugin/discordsrv/
Github: https://github.com/DiscordSRV/DiscordSRV/releases/
Direct Download: https://get.discordsrv.com/

[00:13:13] [Server thread/INFO]: [PlaceholderAPI] Placeholder expansion registration initializing...
[00:13:13] [Server thread/INFO]: Running delayed init tasks
[00:13:13] [Server thread/INFO]: [Chunky] No tasks to continue.
[00:13:13] [Craft Scheduler Thread - 6 - ViaVersion/INFO]: [ViaVersion] Finished mapping loading, shutting down loader executor.
[00:13:13] [Craft Scheduler Thread - 7 - Essentials/INFO]: [Essentials] Fetching version information...
[00:13:14] [Server thread/INFO]: [PlaceholderAPI] Successfully registered internal expansion: playerpoints [3.3.3]
[00:13:14] [Server thread/INFO]: [Essentials] Essentials found a compatible payment resolution method: Vault Compatibility Layer (v2.17.0)!
[00:13:14] [Server thread/WARN]: [ViaVersion] There is a newer plugin version available: 5.7.1, you're on: 5.7.0
[00:13:14] [Server thread/INFO]: Done (122.035s)! For help, type "help"
[00:13:14] [Server thread/INFO]: [voicechat] Loading plugins
[00:13:14] [Server thread/INFO]: [voicechat] Loaded 0 plugin(s)
[00:13:14] [Server thread/INFO]: [voicechat] Initializing plugins
[00:13:14] [Server thread/INFO]: [voicechat] Initialized 0 plugin(s)
[00:13:14] [Server thread/WARN]: [voicechat] Running in offline mode - Voice chat encryption is not secure!
[00:13:14] [VoiceChatServerThread/INFO]: [voicechat] Voice chat server started at port 24454
[00:13:14] [Server thread/WARN]: [PlaceholderAPI] Cannot load expansion playerstats due to a missing plugin: PlayerStats
[00:13:14] [Server thread/INFO]: [PlaceholderAPI] Successfully registered external expansion: essentials [1.5.2]
[00:13:14] [Server thread/INFO]: [PlaceholderAPI] Successfully registered external expansion: luckperms [5.4-R2]
[00:13:14] [Server thread/INFO]: [PlaceholderAPI] Successfully registered external expansion: player [2.0.9]
[00:13:14] [Server thread/WARN]: [PlaceholderAPI] Failed to load external expansion essentials. Identifier is already in use.
[00:13:14] [Server thread/WARN]: [PlaceholderAPI] Cannot load expansion essentials due to an unknown issue.
[00:13:14] [Server thread/INFO]: [PlaceholderAPI] Successfully registered external expansion: formatter [2.9.1]
[00:13:14] [Server thread/INFO]: [PlaceholderAPI] Successfully registered external expansion: vault [1.8.3]
[00:13:14] [Server thread/INFO]: [PlaceholderAPI] Successfully registered external expansion: server [2.7.3]
[00:13:14] [Server thread/INFO]: [PlaceholderAPI] Successfully registered external expansion: statistic [2.0.2]
[00:13:14] [Server thread/INFO]: 7 placeholder hook(s) registered!
[00:13:14] [Craft Scheduler Thread - 8 - EzClean/INFO]: [EzClean] A new EzClean version is available: 2.1.1 (current: 2.1.0). Download: https://www.spigotmc.org/resources/129782/
[00:13:14] [DiscordSRV - Initialization/INFO]: [DiscordSRV] [JDA] Login Successful!
[00:13:15] [JDA MainWS-ReadThread/INFO]: [DiscordSRV] [JDA] Connected to WebSocket
[00:13:16] [JDA MainWS-ReadThread/INFO]: [DiscordSRV] [JDA] Finished Loading!
[00:13:16] [DiscordSRV - Initialization/INFO]: [DiscordSRV] Console channel ID was invalid, not forwarding console output
[00:13:17] [DiscordSRV - Initialization/INFO]: [DiscordSRV] Saved linked accounts in 13ms
[00:13:17] [DiscordSRV - Initialization/INFO]: [DiscordSRV] Enabling Essentials hook
[00:13:17] [DiscordSRV - Initialization/INFO]: [DiscordSRV] Enabling LuckPerms hook
[00:13:17] [DiscordSRV - JDA Callback 0/INFO]: [DiscordSRV] Cleared all pre-existing slash commands in 1/1 guilds (0 cancelled)
[00:13:17] [DiscordSRV - Initialization/INFO]: [DiscordSRV] Enabling PlaceholderAPI hook
[00:13:17] [Server thread/INFO]: [PlaceholderAPI] Successfully registered internal expansion: discordsrv [1.30.3]
[00:14:48] [User Authenticator #0/INFO]: UUID of player Binwalk is 954db526-d306-3387-a31d-7230ca1368d9
[00:14:49] [Server thread/INFO]: [HorriblePlayerLoginEventHack] You have plugins listening to the PlayerLoginEvent, this will cause re-configuration APIs to be unavailable: [LuckPerms, DiscordSRV, Essentials]
[00:14:56] [TAB Processing Thread/INFO]: [TAB] [DEBUG] ViaVersion returned protocol version 772 for Binwalk
[00:14:57] [TAB Processing Thread/INFO]: [TAB] [DEBUG] Player join of Binwalk processed in 84ms
[00:14:58] [Server thread/INFO]: [DiscordSRV] Player Binwalk joined with silent joining permission, not sending a join message
[00:14:58] [Server thread/INFO]: Binwalk joined the game
[00:14:58] [Server thread/INFO]: Binwalk[/127.0.0.1:56878] logged in with entity id 1 at ([world]-80.07948411212283, 80.51150857793407, -291.6329881731779)
[00:14:58] [Server thread/INFO]: [voicechat] Received secret request of Binwalk (20)
[00:14:58] [Server thread/INFO]: [voicechat] Sent secret to Binwalk
[00:14:58] [VoiceChatPacketProcessingThread/INFO]: [voicechat] Successfully authenticated player 954db526-d306-3387-a31d-7230ca1368d9
[00:14:59] [VoiceChatPacketProcessingThread/INFO]: [voicechat] Successfully validated connection of player 954db526-d306-3387-a31d-7230ca1368d9
[00:14:59] [VoiceChatPacketProcessingThread/INFO]: [voicechat] Player Binwalk (954db526-d306-3387-a31d-7230ca1368d9) successfully connected to voice chat
[00:15:00] [TAB Scoreboard Thread/INFO]: [TAB] [DEBUG] Player Binwalk received scoreboard called sb954db526d30633, disabling TAB's scoreboard slotting.
[00:15:39] [Server thread/INFO]: Binwalk issued server command: /ban-ip Itzreallui2
[00:16:20] [Server thread/INFO]: Binwalk issued server command: /ban-ip ItzRealLui2 fuck u
[00:16:55] [Server thread/INFO]: Binwalk issued server command: /banip ItzRealLui2 Fuck U
[00:16:55] [Server thread/INFO]: [Essentials] Player Owner banned IP address 127.98.160.124 for: Fuck U.
[00:17:33] [Server thread/INFO]: Binwalk issued server command: /ban-ip 127.98.160.124 fuck u
[00:17:42] [Server thread/WARN]: Binwalk moved too quickly! 9.872012321197843,0.0,11.229706820377146
[00:17:48] [Server thread/INFO]: Binwalk issued server command: /banlist
[00:18:11] [Server thread/INFO]: Binwalk lost connection: Disconnected
[00:18:11] [Server thread/INFO]: [DiscordSRV] Player Binwalk quit with silent quitting permission, not sending a quit message
[00:18:11] [Server thread/INFO]: [voicechat] Disconnecting client Binwalk
[00:18:12] [TAB Processing Thread/INFO]: [TAB] [DEBUG] Player quit of Binwalk processed in 7ms
[00:18:12] [Server thread/INFO]: Binwalk left the game
[00:18:30] [User Authenticator #1/INFO]: UUID of player Binwalk is 954db526-d306-3387-a31d-7230ca1368d9
[00:18:32] [TAB Processing Thread/INFO]: [TAB] [DEBUG] ViaVersion returned protocol version 772 for Binwalk
[00:18:32] [TAB Processing Thread/INFO]: [TAB] [DEBUG] Player join of Binwalk processed in 57ms
[00:18:32] [Server thread/INFO]: [DiscordSRV] Player Binwalk joined with silent joining permission, not sending a join message
[00:18:32] [Server thread/INFO]: Binwalk joined the game
[00:18:32] [Server thread/INFO]: Binwalk[/127.0.0.1:40452] logged in with entity id 545 at ([world]-90.79827517535713, 71.14285922704681, -303.2688269211406)
[00:18:32] [Server thread/INFO]: [voicechat] Received secret request of Binwalk (20)
[00:18:32] [Server thread/INFO]: [voicechat] Sent secret to Binwalk
[00:18:33] [VoiceChatPacketProcessingThread/INFO]: [voicechat] Successfully authenticated player 954db526-d306-3387-a31d-7230ca1368d9
[00:18:33] [TAB Scoreboard Thread/INFO]: [TAB] [DEBUG] Player Binwalk received scoreboard called sb954db526d30633, disabling TAB's scoreboard slotting.
[00:18:33] [Server thread/ERROR]: Entity threw exception at world:-108.5,11.0,-277.5
java.lang.NullPointerException: Cannot invoke "net.minecraft.world.entity.ai.goal.WrappedGoal.isRunning()" because "wrappedGoalx" is null
	at net.minecraft.world.entity.ai.goal.GoalSelector.tick(GoalSelector.java:100) ~[purpur-1.21.10.jar:1.21.10-2535-0a2dc04]
	at net.minecraft.world.entity.Mob.serverAiStep(Mob.java:809) ~[purpur-1.21.10.jar:1.21.10-2535-0a2dc04]
	at net.minecraft.world.entity.LivingEntity.aiStep(LivingEntity.java:3608) ~[purpur-1.21.10.jar:1.21.10-2535-0a2dc04]
	at net.minecraft.world.entity.Mob.aiStep(Mob.java:550) ~[purpur-1.21.10.jar:1.21.10-2535-0a2dc04]
	at net.minecraft.world.entity.monster.Monster.aiStep(Monster.java:46) ~[purpur-1.21.10.jar:1.21.10-2535-0a2dc04]
	at net.minecraft.world.entity.monster.AbstractSkeleton.aiStep(AbstractSkeleton.java:115) ~[purpur-1.21.10.jar:1.21.10-2535-0a2dc04]
	at net.minecraft.world.entity.LivingEntity.tick(LivingEntity.java:3386) ~[purpur-1.21.10.jar:1.21.10-2535-0a2dc04]
	at net.minecraft.world.entity.Mob.tick(Mob.java:414) ~[purpur-1.21.10.jar:1.21.10-2535-0a2dc04]
	at net.minecraft.world.entity.monster.Skeleton.tick(Skeleton.java:107) ~[purpur-1.21.10.jar:1.21.10-2535-0a2dc04]
	at net.minecraft.server.level.ServerLevel.tickNonPassenger(ServerLevel.java:1412) ~[purpur-1.21.10.jar:1.21.10-2535-0a2dc04]
	at net.minecraft.world.level.Level.guardEntityTick(Level.java:1480) ~[purpur-1.21.10.jar:1.21.10-2535-0a2dc04]
	at net.minecraft.server.level.ServerLevel.lambda$tick$4(ServerLevel.java:860) ~[purpur-1.21.10.jar:1.21.10-2535-0a2dc04]
	at net.minecraft.world.level.entity.EntityTickList.forEach(EntityTickList.java:39) ~[purpur-1.21.10.jar:1.21.10-2535-0a2dc04]
	at net.minecraft.server.level.ServerLevel.tick(ServerLevel.java:842) ~[purpur-1.21.10.jar:1.21.10-2535-0a2dc04]
	at net.minecraft.server.MinecraftServer.tickChildren(MinecraftServer.java:1835) ~[purpur-1.21.10.jar:1.21.10-2535-0a2dc04]
	at net.minecraft.server.MinecraftServer.tickServer(MinecraftServer.java:1645) ~[purpur-1.21.10.jar:1.21.10-2535-0a2dc04]
	at net.minecraft.server.dedicated.DedicatedServer.tickServer(DedicatedServer.java:467) ~[purpur-1.21.10.jar:1.21.10-2535-0a2dc04]
	at net.minecraft.server.MinecraftServer.runServer(MinecraftServer.java:1365) ~[purpur-1.21.10.jar:1.21.10-2535-0a2dc04]
	at net.minecraft.server.MinecraftServer.lambda$spin$2(MinecraftServer.java:388) ~[purpur-1.21.10.jar:1.21.10-2535-0a2dc04]
	at java.base/java.lang.Thread.run(Thread.java:1583) ~[?:?]
[00:18:34] [VoiceChatPacketProcessingThread/INFO]: [voicechat] Successfully validated connection of player 954db526-d306-3387-a31d-7230ca1368d9
[00:18:34] [VoiceChatPacketProcessingThread/INFO]: [voicechat] Player Binwalk (954db526-d306-3387-a31d-7230ca1368d9) successfully connected to voice chat
[00:18:39] [Server thread/INFO]: Binwalk lost connection: Disconnected
[00:18:39] [Server thread/INFO]: [DiscordSRV] Player Binwalk quit with silent quitting permission, not sending a quit message
[00:18:39] [Server thread/INFO]: [voicechat] Disconnecting client Binwalk
[00:18:39] [TAB Processing Thread/INFO]: [TAB] [DEBUG] Player quit of Binwalk processed in 0ms
[00:18:39] [Server thread/INFO]: Binwalk left the game
[01:13:44] [Server thread/INFO]: ✦ Entity cleanup commencing...
[01:13:44] [Server thread/INFO]: ✓ Removed 0 entities. Next cleanup in 60 minutes.
[01:21:55] [Server thread/INFO]: Stopping server
[01:21:55] [Server thread/INFO]: [AdvancedServerList] Disabling AdvancedServerList v5.7.2
[01:21:55] [Server thread/INFO]: [AdvancedServerList] [-] Saving playercache.json file...
[01:21:55] [Server thread/INFO]: [AdvancedServerList] [✓] Successfully saved playercache.json file.
[01:21:55] [Server thread/INFO]: [AdvancedServerList] [-] Disabling Update Checker...
[01:21:55] [Server thread/INFO]: [AdvancedServerList] [✓] AdvancedServerList disabled!
[01:21:55] [Server thread/INFO]: [DiscordSRV] Disabling DiscordSRV v1.30.3
[01:22:01] [DiscordSRV - Shutdown/WARN]: [DiscordSRV] JDA took too long to shut down, skipping
[01:22:01] [DiscordSRV - Shutdown/INFO]: [DiscordSRV] Shutdown completed in 5794ms
[01:22:01] [Server thread/INFO]: [Chunky] Disabling Chunky v1.4.40
[01:22:01] [Server thread/INFO]: [EzClean] Disabling EzClean v2.1.0
[01:22:01] [Server thread/INFO]: [EzClean] EzClean plugin has been disabled.
[01:22:01] [Server thread/INFO]: [PureBalanceFormatter] Disabling PureBalanceFormatter v0.3
[01:22:01] [Server thread/INFO]: [PureBalanceFormatter] PureBalanceFormatter v.0.3 successfully §cdisabled
[01:22:01] [Server thread/INFO]: [SimpleScore] Disabling SimpleScore v4.1.0
[01:22:01] [Server thread/INFO]: [TAB] Disabling TAB v5.4.0
[01:22:01] [Server thread/INFO]: [TAB] [DEBUG] Unregistered all scoreboard teams, objectives and boss bars for all players in 1ms
[01:22:01] [Server thread/INFO]: [TAB] Disabled in 29ms
[01:22:01] [Server thread/INFO]: [PlayerPoints] Disabling PlayerPoints v3.3.3
[01:22:01] [Server thread/INFO]: [ViaBackwards] Disabling ViaBackwards v5.7.0
[01:22:01] [Server thread/INFO]: [voicechat] Disabling voicechat v2.6.7
[01:22:01] [Server thread/INFO]: [[38;5;11m⚡[0m] Disabling LagFixer v1.5.1.9 [build 140]
[01:22:01] [Server thread/INFO]: [[38;5;11m⚡[0m] (ErrorsManager) -> Disabling manager...
[01:22:01] [Server thread/INFO]: [[38;5;11m⚡[0m] (ErrorsManager) -> Disabled manager in 0ms!
[01:22:01] [Server thread/INFO]: [[38;5;11m⚡[0m] (ConfigManager) -> Disabling manager...
[01:22:01] [Server thread/INFO]: [[38;5;11m⚡[0m] (ConfigManager) -> Disabled manager in 0ms!
[01:22:01] [Server thread/INFO]: [[38;5;11m⚡[0m] (SupportManager) -> Disabling manager...
[01:22:01] [Server thread/INFO]: [[38;5;11m⚡[0m] (SupportManager) -> Disabled manager in 5ms!
[01:22:01] [Server thread/INFO]: [[38;5;11m⚡[0m] (HookManager) -> Disabling manager...
[01:22:01] [Server thread/INFO]: [[38;5;11m⚡[0m]  • Successfully disabled hook PlaceholderAPI in 1ms!
[01:22:01] [Server thread/INFO]: [[38;5;11m⚡[0m] (HookManager) -> Disabled manager in 1ms!
[01:22:01] [Server thread/INFO]: [[38;5;11m⚡[0m] (MetricsManager) -> Disabling manager...
[01:22:01] [Server thread/INFO]: [[38;5;11m⚡[0m] (MetricsManager) -> Disabled manager in 1ms!
[01:22:01] [Server thread/INFO]: [[38;5;11m⚡[0m] (UpdaterManager) -> Disabling manager...
[01:22:01] [Server thread/INFO]: [[38;5;11m⚡[0m] (UpdaterManager) -> Disabled manager in 1ms!
[01:22:01] [Server thread/INFO]: [[38;5;11m⚡[0m] (ModuleManager) -> Disabling manager...
[01:22:01] [Server thread/INFO]: [[38;5;11m⚡[0m]  • Successfully disabled module RedstoneLimiter in 1ms.
[01:22:01] [Server thread/INFO]: [[38;5;11m⚡[0m]  • Successfully disabled module InstantLeafDecay in 1ms.
[01:22:01] [Server thread/INFO]: [[38;5;11m⚡[0m]  • Successfully disabled module WorldCleaner in 0ms.
[01:22:01] [Server thread/INFO]: [[38;5;11m⚡[0m]  • Successfully disabled module LagShield in 0ms.
[01:22:01] [Server thread/INFO]: [[38;5;11m⚡[0m]  • Successfully disabled module ExplosionOptimizer in 1ms.
[01:22:01] [Server thread/INFO]: [[38;5;11m⚡[0m]  • Successfully disabled module MobAiReducer in 1ms.
[01:22:01] [Server thread/INFO]: [[38;5;11m⚡[0m]  • Successfully disabled module EntityLimiter in 0ms.
[01:22:01] [Server thread/INFO]: [[38;5;11m⚡[0m]  • Successfully disabled module AbilityLimiter in 0ms.
[01:22:01] [Server thread/INFO]: [[38;5;11m⚡[0m] (ModuleManager) -> Disabled manager in 6ms!
[01:22:01] [Server thread/INFO]: [[38;5;11m⚡[0m] (CommandManager) -> Disabling manager...
[01:22:01] [Server thread/INFO]: [[38;5;11m⚡[0m] (CommandManager) -> Disabled manager in 10ms!
[01:22:01] [Server thread/INFO]: [MCStatistics] Disabling MCStatistics v1.4.0
[01:22:01] [Server thread/INFO]: [Essentials] Disabling Essentials v2.21.2
[01:22:01] [Server thread/INFO]: [Vault] Disabling Vault v2.17.0
[01:22:01] [Server thread/INFO]: [PlaceholderAPI] Unregistered placeholder expansion vault
[01:22:01] [Server thread/INFO]: [PlaceholderAPI] Reason: required plugin Vault was disabled.
[01:22:01] [Server thread/INFO]: [LuckPerms] Disabling LuckPerms v5.5.17
[01:22:01] [Server thread/INFO]: [PlaceholderAPI] Unregistered placeholder expansion luckperms
[01:22:01] [Server thread/INFO]: [PlaceholderAPI] Reason: required plugin LuckPerms was disabled.
[01:22:01] [Server thread/INFO]: [LuckPerms] Starting shutdown process...
[01:22:01] [Server thread/INFO]: [LuckPerms] Closing storage...
[01:22:01] [Server thread/INFO]: [LuckPerms] Goodbye!
[01:22:01] [Server thread/INFO]: [PlaceholderAPI] Disabling PlaceholderAPI v2.11.7
[01:22:01] [Server thread/INFO]: [ViaVersion] Disabling ViaVersion v5.7.0
[01:22:01] [Server thread/INFO]: [ViaVersion] ViaVersion has been disabled; uninjected the platform and shut down the scheduler.
[01:22:01] [Server thread/INFO]: Saving players
[01:22:01] [Server thread/INFO]: Saving worlds
[01:22:01] [Server thread/INFO]: Saving chunks for level 'ServerLevel[world]'/minecraft:overworld
[01:22:01] [Server thread/INFO]: [ChunkHolderManager] Waiting 60s for chunk system to halt for world 'world'
[01:22:01] [Server thread/INFO]: [ChunkHolderManager] Halted chunk system for world 'world'
[01:22:01] [Server thread/INFO]: [ChunkHolderManager] Saving all chunkholders for world 'world'
[01:22:01] [Server thread/INFO]: [ChunkHolderManager] Saved 0 block chunks, 0 entity chunks, 0 poi chunks in world 'world' in 0.02s
[01:22:01] [Server thread/INFO]: [ChunkHolderManager] Waiting 60s for chunk I/O to halt for world 'world'
[01:22:01] [Server thread/INFO]: [ChunkHolderManager] Halted I/O scheduler for world 'world'
[01:22:01] [Server thread/INFO]: Saving chunks for level 'ServerLevel[world_nether]'/minecraft:the_nether
[01:22:01] [Server thread/INFO]: [ChunkHolderManager] Waiting 60s for chunk system to halt for world 'world_nether'
[01:22:01] [Server thread/INFO]: [ChunkHolderManager] Halted chunk system for world 'world_nether'
[01:22:01] [Server thread/INFO]: [ChunkHolderManager] Saving all chunkholders for world 'world_nether'
[01:22:01] [Server thread/INFO]: [ChunkHolderManager] Saved 0 block chunks, 0 entity chunks, 0 poi chunks in world 'world_nether' in 0.00s
[01:22:01] [Server thread/INFO]: [ChunkHolderManager] Waiting 60s for chunk I/O to halt for world 'world_nether'
[01:22:01] [Server thread/INFO]: [ChunkHolderManager] Halted I/O scheduler for world 'world_nether'
[01:22:01] [Server thread/INFO]: Saving chunks for level 'ServerLevel[world_the_end]'/minecraft:the_end
[01:22:01] [Server thread/INFO]: [ChunkHolderManager] Waiting 60s for chunk system to halt for world 'world_the_end'
[01:22:01] [Server thread/INFO]: [ChunkHolderManager] Halted chunk system for world 'world_the_end'
[01:22:01] [Server thread/INFO]: [ChunkHolderManager] Saving all chunkholders for world 'world_the_end'
[01:22:01] [Server thread/INFO]: [ChunkHolderManager] Saved 0 block chunks, 0 entity chunks, 0 poi chunks in world 'world_the_end' in 0.00s
[01:22:01] [Server thread/INFO]: [ChunkHolderManager] Waiting 60s for chunk I/O to halt for world 'world_the_end'
[01:22:01] [Server thread/INFO]: [ChunkHolderManager] Halted I/O scheduler for world 'world_the_end'
[01:22:01] [Server thread/INFO]: ThreadedAnvilChunkStorage (world): All chunks are saved
[01:22:01] [Server thread/INFO]: ThreadedAnvilChunkStorage (DIM-1): All chunks are saved
[01:22:01] [Server thread/INFO]: ThreadedAnvilChunkStorage (DIM1): All chunks are saved
[01:22:01] [Server thread/INFO]: ThreadedAnvilChunkStorage: All dimensions are saved
[01:22:01] [Server thread/INFO]: Waiting for all RegionFile I/O tasks to complete...
[01:22:01] [Server thread/INFO]: All RegionFile I/O tasks to complete
[01:22:01] [Server thread/INFO]: [MoonriseCommon] Awaiting termination of worker pool for up to 60s...
[01:22:01] [Server thread/INFO]: [MoonriseCommon] Awaiting termination of I/O pool for up to 60s...
