# KRYPTONITE LOG
# This log file contains all the actions ever taken using Kryptonite
# If it gets too long, you can delete it - but make sure to restart your server right away!
# Check server logs to see who sent commands.
#
# Can be disabled in config.
[INFO][Kryptonite] KOS>server.properties set 'network-compression-threshold' to '256'
[INFO][Kryptonite] KOS>server.properties set 'simulation-distance' to '4'
[INFO][Kryptonite] KOS>server.properties set 'view-distance' to '8'
[INFO][Kryptonite] KOS>bukkit.yml set 'spawn-limits.monsters' to '70'
[INFO][Kryptonite] KOS>bukkit.yml set 'spawn-limits.animals' to '10'
[INFO][Kryptonite] KOS>server.properties set 'sync-chunk-writes' to 'false'
[INFO][Kryptonite] KOS>bukkit.yml set 'spawn-limits.water-ambient' to '20'
[INFO][Kryptonite] KOS>bukkit.yml set 'spawn-limits.water-animals' to '5'
[INFO][Kryptonite] KOS>bukkit.yml set 'spawn-limits.water-underground-creature' to '0'
[INFO][Kryptonite] KOS>bukkit.yml set 'spawn-limits.axolotls' to '5'
[INFO][Kryptonite] KOS>bukkit.yml set 'spawn-limits.ambient' to '15'
[INFO][Kryptonite] KOS>bukkit.yml set 'ticks-per.monster-spawns' to '1'
[INFO][Kryptonite] KOS>bukkit.yml set 'ticks-per.water-spawns' to '1'
[INFO][Kryptonite] KOS>bukkit.yml set 'ticks-per.water-ambient-spawns' to '1'
[INFO][Kryptonite] KOS>bukkit.yml set 'ticks-per.water-underground-creature-spawns' to '1'
[INFO][Kryptonite] KOS>bukkit.yml set 'ticks-per.axolotl-spawns' to '1'
[INFO][Kryptonite] KOS>bukkit.yml set 'ticks-per.ambient-spawns' to '1'
[INFO][Kryptonite] KOS>bukkit.yml set 'chunk-gc.period-in-ticks' to '400'
[INFO][Kryptonite] KOS>spigot.yml set 'world-settings.default.view-distance' to 'default'
[INFO][Kryptonite] KOS>spigot.yml set 'world-settings.default.mob-spawn-range' to '8'
[INFO][Kryptonite] KOS>spigot.yml set 'world-settings.default.entity-activation-range.monsters' to '32'
[INFO][Kryptonite] KOS>spigot.yml set 'world-settings.default.entity-activation-range.animals' to '32'
[INFO][Kryptonite] KOS>spigot.yml set 'world-settings.default.entity-activation-range.misc' to '16'
[INFO][Kryptonite] KOS>spigot.yml set 'world-settings.default.entity-activation-range.raiders' to '64'
[INFO][Kryptonite] KOS>spigot.yml set 'world-settings.default.entity-activation-range.villagers' to '32'
[INFO][Kryptonite] KOS>spigot.yml set 'world-settings.default.entity-activation-range.water' to '16'
[INFO][Kryptonite] KOS>spigot.yml set 'world-settings.default.entity-tracking-range.players' to '128'
[INFO][Kryptonite] KOS>spigot.yml set 'world-settings.default.entity-activation-range.flying-monsters' to '32'
[INFO][Kryptonite] KOS>spigot.yml set 'world-settings.default.entity-tracking-range.monsters' to '96'
[INFO][Kryptonite] KOS>spigot.yml set 'world-settings.default.entity-tracking-range.animals' to '96'
[INFO][Kryptonite] KOS>spigot.yml set 'world-settings.default.entity-activation-range.tick-inactive-villagers' to 'true'
[INFO][Kryptonite] KOS>spigot.yml set 'world-settings.default.entity-tracking-range.other' to '64'
[INFO][Kryptonite] KOS>config/paper-world-defaults.yml set 'chunks.delay-chunk-unloads-by' to '10'
[INFO][Kryptonite] KOS>spigot.yml set 'world-settings.default.entity-tracking-range.misc' to '96'
[INFO][Kryptonite] KOS>spigot.yml set 'world-settings.default.ticks-per.hopper-transfer' to '8'
[INFO][Kryptonite] KOS>spigot.yml set 'world-settings.default.ticks-per.hopper-check' to '8'
[INFO][Kryptonite] KOS>spigot.yml set 'world-settings.default.nerf-spawner-mobs' to 'false'
[INFO][Kryptonite] KOS>bukkit.yml set 'ticks-per.animal-spawns' to '400'
[INFO][Kryptonite] KOS>config/paper-world-defaults.yml set 'chunks.max-auto-save-chunks-per-tick' to '8'
[INFO][Kryptonite] KOS>config/paper-world-defaults.yml set 'chunks.entity-per-chunk-save-limit.arrow' to '16'
[INFO][Kryptonite] KOS>config/paper-world-defaults.yml set 'chunks.prevent-moving-into-unloaded-chunks' to 'true'
[INFO][Kryptonite] KOS>config/paper-world-defaults.yml set 'chunks.entity-per-chunk-save-limit.egg' to '-1'
[INFO][Kryptonite] KOS>config/paper-world-defaults.yml set 'chunks.entity-per-chunk-save-limit.ender_pearl' to '8'
[INFO][Kryptonite] KOS>config/paper-world-defaults.yml set 'chunks.entity-per-chunk-save-limit.area_effect_cloud' to '8'
[INFO][Kryptonite] KOS>config/paper-world-defaults.yml set 'chunks.entity-per-chunk-save-limit.experience_bottle' to '3'
[INFO][Kryptonite] KOS>config/paper-world-defaults.yml set 'chunks.entity-per-chunk-save-limit.eye_of_ender' to '8'
[INFO][Kryptonite] KOS>config/paper-world-defaults.yml set 'chunks.entity-per-chunk-save-limit.fireball' to '8'
[INFO][Kryptonite] KOS>config/paper-world-defaults.yml set 'chunks.entity-per-chunk-save-limit.llama_spit' to '-1'
[INFO][Kryptonite] KOS>config/paper-world-defaults.yml set 'chunks.entity-per-chunk-save-limit.potion' to '8'
[INFO][Kryptonite] KOS>config/paper-world-defaults.yml set 'chunks.entity-per-chunk-save-limit.shulker_bullet' to '8'
[INFO][Kryptonite] KOS>config/paper-world-defaults.yml set 'chunks.entity-per-chunk-save-limit.small_fireball' to '8'
[INFO][Kryptonite] KOS>config/paper-world-defaults.yml set 'chunks.entity-per-chunk-save-limit.spectral_arrow' to '16'
[INFO][Kryptonite] KOS>config/paper-world-defaults.yml set 'chunks.entity-per-chunk-save-limit.wither_skull' to '4'
[INFO][Kryptonite] KOS>config/paper-world-defaults.yml set 'entities.spawning.despawn-ranges.ambient.hard' to 'default'
[INFO][Kryptonite] KOS>config/paper-world-defaults.yml set 'entities.spawning.despawn-ranges.ambient.soft' to 'default'
[INFO][Kryptonite] KOS>config/paper-world-defaults.yml set 'chunks.entity-per-chunk-save-limit.dragon_fireball' to '3'
[INFO][Kryptonite] KOS>config/paper-world-defaults.yml set 'chunks.entity-per-chunk-save-limit.trident' to '16'
[INFO][Kryptonite] KOS>config/paper-world-defaults.yml set 'chunks.entity-per-chunk-save-limit.snowball' to '8'
[INFO][Kryptonite] KOS>config/paper-world-defaults.yml set 'entities.spawning.despawn-ranges.axolotls.hard' to 'default'
[INFO][Kryptonite] KOS>config/paper-world-defaults.yml set 'chunks.entity-per-chunk-save-limit.experience_orb' to '16'
[INFO][Kryptonite] KOS>config/paper-world-defaults.yml set 'entities.spawning.despawn-ranges.axolotls.soft' to 'default'
[INFO][Kryptonite] KOS>config/paper-world-defaults.yml set 'entities.spawning.despawn-ranges.creature.hard' to 'default'
[INFO][Kryptonite] KOS>config/paper-world-defaults.yml set 'entities.spawning.despawn-ranges.water_ambient.hard' to 'default'
[INFO][Kryptonite] KOS>config/paper-world-defaults.yml set 'entities.spawning.despawn-ranges.underground_water_creature.soft' to 'default'
[INFO][Kryptonite] KOS>config/paper-world-defaults.yml set 'entities.spawning.despawn-ranges.underground_water_creature.hard' to 'default'
[INFO][Kryptonite] KOS>config/paper-world-defaults.yml set 'entities.spawning.despawn-ranges.monster.soft' to 'default'
[INFO][Kryptonite] KOS>config/paper-world-defaults.yml set 'entities.spawning.despawn-ranges.water_ambient.soft' to 'default'
[INFO][Kryptonite] KOS>config/paper-world-defaults.yml set 'entities.spawning.despawn-ranges.creature.soft' to 'default'
[INFO][Kryptonite] KOS>config/paper-world-defaults.yml set 'entities.spawning.despawn-ranges.water_creature.hard' to 'default'
[INFO][Kryptonite] KOS>config/paper-world-defaults.yml set 'entities.spawning.despawn-ranges.monster.hard' to 'default'
[INFO][Kryptonite] KOS>config/paper-world-defaults.yml set 'entities.spawning.despawn-ranges.misc.hard' to 'default'
[INFO][Kryptonite] KOS>config/paper-world-defaults.yml set 'entities.spawning.despawn-ranges.misc.soft' to 'default'
[INFO][Kryptonite] KOS>config/paper-world-defaults.yml set 'entities.spawning.despawn-ranges.water_creature.soft' to 'default'
[INFO][Kryptonite] KOS>config/paper-world-defaults.yml set 'entities.spawning.per-player-mob-spawns' to 'true'
[INFO][Kryptonite] KOS>config/paper-world-defaults.yml set 'collisions.max-entity-collisions' to '8'
[INFO][Kryptonite] KOS>config/paper-world-defaults.yml set 'misc.update-pathfinding-on-block-update' to 'false'
[INFO][Kryptonite] KOS>config/paper-world-defaults.yml set 'spawner-nerfed-mobs-should-jump' to 'false'
[INFO][Kryptonite] KOS>config/paper-world-defaults.yml set 'entities.armor-stands.tick' to 'false'
[INFO][Kryptonite] KOS>config/paper-world-defaults.yml set 'collisions.fix-climbing-bypassing-cramming-rule' to 'true'
[INFO][Kryptonite] KOS>config/paper-world-defaults.yml set 'entities.armor-stands.do-collision-entity-lookups' to 'false'
[INFO][Kryptonite] KOS>config/paper-world-defaults.yml set 'tick-rates.behavior.villager.validatenearbypoi' to '-1'
[INFO][Kryptonite] KOS>config/paper-world-defaults.yml set 'tick-rates.sensor.villager.nearestbedsensor' to '40'
[INFO][Kryptonite] KOS>config/paper-world-defaults.yml set 'tick-rates.behavior.villager.acquirepoi' to '-1'
[INFO][Kryptonite] KOS>config/paper-world-defaults.yml set 'tick-rates.sensor.villager.secondarypoisensor' to '40'
[INFO][Kryptonite] KOS>config/paper-world-defaults.yml set 'entities.spawning.alt-item-despawn-rate.items.cobblestone' to '300'
[INFO][Kryptonite] KOS>config/paper-world-defaults.yml set 'tick-rates.sensor.villager.playersensor' to '40'
[INFO][Kryptonite] KOS>config/paper-world-defaults.yml set 'entities.spawning.alt-item-despawn-rate.items.pumpkin' to '300'
[INFO][Kryptonite] KOS>config/paper-world-defaults.yml set 'entities.spawning.alt-item-despawn-rate.items.sand' to '300'
[INFO][Kryptonite] KOS>config/paper-world-defaults.yml set 'entities.spawning.alt-item-despawn-rate.items.dirt' to '300'
[INFO][Kryptonite] KOS>config/paper-world-defaults.yml set 'entities.spawning.alt-item-despawn-rate.items.short_grass' to '300'
[INFO][Kryptonite] KOS>config/paper-world-defaults.yml set 'entities.spawning.alt-item-despawn-rate.items.gravel' to '300'
[INFO][Kryptonite] KOS>config/paper-world-defaults.yml set 'entities.spawning.alt-item-despawn-rate.items.melon_slice' to '300'
[INFO][Kryptonite] KOS>config/paper-world-defaults.yml set 'entities.spawning.alt-item-despawn-rate.items.kelp' to '300'
[INFO][Kryptonite] KOS>config/paper-world-defaults.yml set 'entities.spawning.alt-item-despawn-rate.items.bamboo' to '300'
[INFO][Kryptonite] KOS>config/paper-world-defaults.yml set 'entities.spawning.alt-item-despawn-rate.items.twisting_vines' to '300'
[INFO][Kryptonite] KOS>config/paper-world-defaults.yml set 'entities.spawning.alt-item-despawn-rate.items.oak_leaves' to '300'
[INFO][Kryptonite] KOS>config/paper-world-defaults.yml set 'entities.spawning.alt-item-despawn-rate.items.weeping_vines' to '300'
[INFO][Kryptonite] KOS>config/paper-world-defaults.yml set 'entities.spawning.alt-item-despawn-rate.items.red_sand' to '300'
[INFO][Kryptonite] KOS>config/paper-world-defaults.yml set 'tick-rates.sensor.villager.nearestlivingentitysensor' to '40'
[INFO][Kryptonite] KOS>config/paper-world-defaults.yml set 'tick-rates.sensor.villager.villagerbabiessensor' to '40'
[INFO][Kryptonite] KOS>config/paper-world-defaults.yml set 'entities.spawning.alt-item-despawn-rate.items.netherrack' to '300'
[INFO][Kryptonite] KOS>config/paper-world-defaults.yml set 'entities.spawning.alt-item-despawn-rate.enabled' to 'true'
[INFO][Kryptonite] KOS>config/paper-world-defaults.yml set 'entities.spawning.alt-item-despawn-rate.items.sugar_cane' to '300'
[INFO][Kryptonite] KOS>config/paper-world-defaults.yml set 'entities.spawning.alt-item-despawn-rate.items.andesite' to '300'
[INFO][Kryptonite] KOS>config/paper-world-defaults.yml set 'entities.spawning.alt-item-despawn-rate.items.acacia_leaves' to '300'
[INFO][Kryptonite] KOS>config/paper-world-defaults.yml set 'entities.spawning.alt-item-despawn-rate.items.diorite' to '300'
[INFO][Kryptonite] KOS>config/paper-world-defaults.yml set 'misc.redstone-implementation' to 'ALTERNATE_CURRENT'
[INFO][Kryptonite] KOS>config/paper-world-defaults.yml set 'entities.spawning.alt-item-despawn-rate.items.cactus' to '300'
[INFO][Kryptonite] KOS>config/paper-world-defaults.yml set 'entities.spawning.alt-item-despawn-rate.items.jungle_leaves' to '300'
[INFO][Kryptonite] KOS>config/paper-world-defaults.yml set 'entities.spawning.alt-item-despawn-rate.items.scaffolding' to '300'
[INFO][Kryptonite] KOS>config/paper-world-defaults.yml set 'hopper.ignore-occluding-blocks' to 'true'
[INFO][Kryptonite] KOS>config/paper-world-defaults.yml set 'entities.spawning.alt-item-despawn-rate.items.dark_oak_leaves' to '300'
[INFO][Kryptonite] KOS>config/paper-world-defaults.yml set 'hopper.disable-move-event' to 'true'
[INFO][Kryptonite] KOS>config/paper-world-defaults.yml set 'tick-rates.mob-spawner' to '1'
[INFO][Kryptonite] KOS>config/paper-world-defaults.yml set 'environment.treasure-maps.find-already-discovered.loot-tables' to 'true'
[INFO][Kryptonite] KOS>config/paper-world-defaults.yml set 'environment.treasure-maps.enabled' to 'true'
[INFO][Kryptonite] KOS>config/paper-world-defaults.yml set 'entities.spawning.non-player-arrow-despawn-rate' to '20'
[INFO][Kryptonite] KOS>config/paper-world-defaults.yml set 'tick-rates.grass-spread' to '4'
[INFO][Kryptonite] KOS>config/paper-world-defaults.yml set 'environment.treasure-maps.find-already-discovered.villager-trade' to 'true'
[INFO][Kryptonite] KOS>config/paper-world-defaults.yml set 'entities.spawning.alt-item-despawn-rate.items.granite' to '300'
[INFO][Kryptonite] KOS>config/paper-world-defaults.yml set 'entities.spawning.alt-item-despawn-rate.items.spruce_leaves' to '300'
[INFO][Kryptonite] KOS>config/paper-world-defaults.yml set 'entities.spawning.creative-arrow-despawn-rate' to '20'
[INFO][Kryptonite] KOS>config/paper-world-defaults.yml set 'entities.spawning.alt-item-despawn-rate.items.mangrove_leaves' to '300'
[INFO][Kryptonite] KOS>config/paper-world-defaults.yml set 'environment.optimize-explosions' to 'true'
[INFO][Kryptonite] KOS>purpur.yml set 'world-settings.default.mobs.zombie.aggressive-towards-villager-when-lagging' to 'true'
[INFO][Kryptonite] KOS>config/paper-world-defaults.yml set 'tick-rates.container-update' to '2'
[INFO][Kryptonite] KOS>purpur.yml set 'settings.use-alternate-keepalive' to 'true'
[INFO][Kryptonite] KOS>config/paper-world-defaults.yml set 'entities.spawning.alt-item-despawn-rate.items.birch_leaves' to '300'
[INFO][Kryptonite] KOS>purpur.yml set 'world-settings.default.mobs.villager.search-radius.acquire-poi' to '20'
[INFO][Kryptonite] KOS>purpur.yml set 'world-settings.default.mobs.villager.search-radius.nearest-bed-sensor' to '20'
[INFO][Kryptonite] KOS>purpur.yml set 'world-settings.default.mobs.dolphin.disable-treasure-searching' to 'false'
[INFO][Kryptonite] KOS>purpur.yml set 'world-settings.default.gameplay-mechanics.player.teleport-if-outside-border' to 'true'
[INFO][Kryptonite] KOS>purpur.yml set 'settings.lagging-threshold' to '19'
[INFO][Kryptonite] KOS>purpur.yml set 'world-settings.default.mobs.villager.lobotomize.enabled' to 'false'
[INFO][Kryptonite] KOS>purpur.yml set 'world-settings.default.gameplay-mechanics.entities-can-use-portals' to 'true'